  Lexer.cpp
C:\Users\gabch\Documents\GitHub\PseudoCOde\Compilateur\Lexer.cpp(94,70): warning C4267: 'argument' : conversion de 'size_t' en 'int', perte possible de données
C:\Users\gabch\Documents\GitHub\PseudoCOde\Compilateur\Lexer.cpp(152,83): warning C4267: 'argument' : conversion de 'size_t' en 'int', perte possible de données
C:\Users\gabch\Documents\GitHub\PseudoCOde\Compilateur\Lexer.cpp(179,51): warning C4267: 'argument' : conversion de 'size_t' en 'int', perte possible de données
C:\Users\gabch\Documents\GitHub\PseudoCOde\Compilateur\Lexer.cpp(211,75): warning C4267: 'argument' : conversion de 'size_t' en 'int', perte possible de données
C:\Users\gabch\Documents\GitHub\PseudoCOde\Compilateur\Lexer.cpp(212,72): warning C4267: 'argument' : conversion de 'size_t' en 'int', perte possible de données
C:\Users\gabch\Documents\GitHub\PseudoCOde\Compilateur\Lexer.cpp(213,72): warning C4267: 'argument' : conversion de 'size_t' en 'int', perte possible de données
C:\Users\gabch\Documents\GitHub\PseudoCOde\Compilateur\Lexer.cpp(214,70): warning C4267: 'argument' : conversion de 'size_t' en 'int', perte possible de données
C:\Users\gabch\Documents\GitHub\PseudoCOde\Compilateur\Lexer.cpp(215,71): warning C4267: 'argument' : conversion de 'size_t' en 'int', perte possible de données
C:\Users\gabch\Documents\GitHub\PseudoCOde\Compilateur\Lexer.cpp(216,74): warning C4267: 'argument' : conversion de 'size_t' en 'int', perte possible de données
C:\Users\gabch\Documents\GitHub\PseudoCOde\Compilateur\Lexer.cpp(217,72): warning C4267: 'argument' : conversion de 'size_t' en 'int', perte possible de données
C:\Users\gabch\Documents\GitHub\PseudoCOde\Compilateur\Lexer.cpp(218,71): warning C4267: 'argument' : conversion de 'size_t' en 'int', perte possible de données
C:\Users\gabch\Documents\GitHub\PseudoCOde\Compilateur\Lexer.cpp(219,69): warning C4267: 'argument' : conversion de 'size_t' en 'int', perte possible de données
C:\Users\gabch\Documents\GitHub\PseudoCOde\Compilateur\Lexer.cpp(220,71): warning C4267: 'argument' : conversion de 'size_t' en 'int', perte possible de données
C:\Users\gabch\Documents\GitHub\PseudoCOde\Compilateur\Lexer.cpp(221,74): warning C4267: 'argument' : conversion de 'size_t' en 'int', perte possible de données
C:\Users\gabch\Documents\GitHub\PseudoCOde\Compilateur\Lexer.cpp(222,74): warning C4267: 'argument' : conversion de 'size_t' en 'int', perte possible de données
C:\Users\gabch\Documents\GitHub\PseudoCOde\Compilateur\Lexer.cpp(225,93): warning C4267: 'argument' : conversion de 'size_t' en 'int', perte possible de données
C:\Users\gabch\Documents\GitHub\PseudoCOde\Compilateur\Lexer.cpp(229,95): warning C4267: 'argument' : conversion de 'size_t' en 'int', perte possible de données
C:\Users\gabch\Documents\GitHub\PseudoCOde\Compilateur\Lexer.cpp(230,60): warning C4267: 'argument' : conversion de 'size_t' en 'int', perte possible de données
C:\Users\gabch\Documents\GitHub\PseudoCOde\Compilateur\Lexer.cpp(233,92): warning C4267: 'argument' : conversion de 'size_t' en 'int', perte possible de données
C:\Users\gabch\Documents\GitHub\PseudoCOde\Compilateur\Lexer.cpp(234,89): warning C4267: 'argument' : conversion de 'size_t' en 'int', perte possible de données
C:\Users\gabch\Documents\GitHub\PseudoCOde\Compilateur\Lexer.cpp(235,57): warning C4267: 'argument' : conversion de 'size_t' en 'int', perte possible de données
C:\Users\gabch\Documents\GitHub\PseudoCOde\Compilateur\Lexer.cpp(237,91): warning C4267: 'argument' : conversion de 'size_t' en 'int', perte possible de données
C:\Users\gabch\Documents\GitHub\PseudoCOde\Compilateur\Lexer.cpp(243,60): warning C4267: 'argument' : conversion de 'size_t' en 'int', perte possible de données
C:\Users\gabch\Documents\GitHub\PseudoCOde\Compilateur\Lexer.cpp(254,53): warning C4267: 'argument' : conversion de 'size_t' en 'int', perte possible de données
C:\Users\gabch\Documents\GitHub\PseudoCOde\Compilateur\Lexer.cpp(261,18): warning C4267: 'initialisation' : conversion de 'size_t' en 'int', perte possible de données
C:\Users\gabch\Documents\GitHub\PseudoCOde\Compilateur\Lexer.cpp(293,73): warning C4267: 'argument' : conversion de 'size_t' en 'int', perte possible de données
C:\Users\gabch\Documents\GitHub\PseudoCOde\Compilateur\Lexer.cpp(294,75): warning C4267: 'argument' : conversion de 'size_t' en 'int', perte possible de données
C:\Users\gabch\Documents\GitHub\PseudoCOde\Compilateur\Lexer.cpp(295,73): warning C4267: 'argument' : conversion de 'size_t' en 'int', perte possible de données
C:\Users\gabch\Documents\GitHub\PseudoCOde\Compilateur\Lexer.cpp(296,79): warning C4267: 'argument' : conversion de 'size_t' en 'int', perte possible de données
C:\Users\gabch\Documents\GitHub\PseudoCOde\Compilateur\Lexer.cpp(297,72): warning C4267: 'argument' : conversion de 'size_t' en 'int', perte possible de données
C:\Users\gabch\Documents\GitHub\PseudoCOde\Compilateur\Lexer.cpp(298,74): warning C4267: 'argument' : conversion de 'size_t' en 'int', perte possible de données
C:\Users\gabch\Documents\GitHub\PseudoCOde\Compilateur\Lexer.cpp(299,75): warning C4267: 'argument' : conversion de 'size_t' en 'int', perte possible de données
C:\Users\gabch\Documents\GitHub\PseudoCOde\Compilateur\Lexer.cpp(300,80): warning C4267: 'argument' : conversion de 'size_t' en 'int', perte possible de données
C:\Users\gabch\Documents\GitHub\PseudoCOde\Compilateur\Lexer.cpp(301,74): warning C4267: 'argument' : conversion de 'size_t' en 'int', perte possible de données
C:\Users\gabch\Documents\GitHub\PseudoCOde\Compilateur\Lexer.cpp(304,68): warning C4267: 'argument' : conversion de 'size_t' en 'int', perte possible de données
C:\Users\gabch\Documents\GitHub\PseudoCOde\Compilateur\Lexer.cpp(305,73): warning C4267: 'argument' : conversion de 'size_t' en 'int', perte possible de données
C:\Users\gabch\Documents\GitHub\PseudoCOde\Compilateur\Lexer.cpp(306,70): warning C4267: 'argument' : conversion de 'size_t' en 'int', perte possible de données
C:\Users\gabch\Documents\GitHub\PseudoCOde\Compilateur\Lexer.cpp(307,78): warning C4267: 'argument' : conversion de 'size_t' en 'int', perte possible de données
C:\Users\gabch\Documents\GitHub\PseudoCOde\Compilateur\Lexer.cpp(308,84): warning C4267: 'argument' : conversion de 'size_t' en 'int', perte possible de données
C:\Users\gabch\Documents\GitHub\PseudoCOde\Compilateur\Lexer.cpp(309,74): warning C4267: 'argument' : conversion de 'size_t' en 'int', perte possible de données
C:\Users\gabch\Documents\GitHub\PseudoCOde\Compilateur\Lexer.cpp(310,72): warning C4267: 'argument' : conversion de 'size_t' en 'int', perte possible de données
C:\Users\gabch\Documents\GitHub\PseudoCOde\Compilateur\Lexer.cpp(311,68): warning C4267: 'argument' : conversion de 'size_t' en 'int', perte possible de données
C:\Users\gabch\Documents\GitHub\PseudoCOde\Compilateur\Lexer.cpp(312,66): warning C4267: 'argument' : conversion de 'size_t' en 'int', perte possible de données
C:\Users\gabch\Documents\GitHub\PseudoCOde\Compilateur\Lexer.cpp(313,78): warning C4267: 'argument' : conversion de 'size_t' en 'int', perte possible de données
C:\Users\gabch\Documents\GitHub\PseudoCOde\Compilateur\Lexer.cpp(314,78): warning C4267: 'argument' : conversion de 'size_t' en 'int', perte possible de données
C:\Users\gabch\Documents\GitHub\PseudoCOde\Compilateur\Lexer.cpp(315,51): warning C4267: 'argument' : conversion de 'size_t' en 'int', perte possible de données
  Main.cpp
  Parser.cpp
  Génération de code en cours...
C:\Users\gabch\Documents\GitHub\PseudoCOde\Compilateur\Lexer.cpp(247,1): warning C4715: 'Lexer::GetNextToken' : les chemins de contrôle ne retournent pas tous une valeur
  Compilateur.vcxproj -> C:\Users\gabch\Documents\GitHub\PseudoCOde\x64\Debug\Compilateur.exe
